<div>
    <ul>
        <li><a href="link">1</a></li>
        <li class="active">2</li>
    </ul>


<form action="link" method="post" id="frm-wizard-step2">

<table>
<tr class="required">
	<th><label for="frm-wizard-step2-email" class="required">Email</label></th>

	<td><input type="text" name="email" id="frm-wizard-step2-email" required data-nette-rules='[{"op":":filled","msg":"This field is required."}]' class="text"></td>
</tr>

<tr>
	<th></th>

	<td><input type="submit" name="prev" value="ZpÄ›t" formnovalidate class="button"> <input type="submit" name="finish" value="Registrovat" class="button"></td>
</tr>
</table>

<div><input type="hidden" name="do" value="wizard-step2-submit"><!--[if IE]><input type=IEbug disabled style="display:none"><![endif]--></div>
</form>


</div>